<object-stream>
<org.drools.core.audit.WorkingMemoryLog>
  <version>6.1</version>
  <events>
    <org.drools.core.audit.event.ObjectLogEvent>
      <type>1</type>
      <factId>1</factId>
      <objectToString>com.sample.DroolsTest$Message@73fc518f</objectToString>
    </org.drools.core.audit.event.ObjectLogEvent>
    <org.drools.core.audit.event.ActivationLogEvent>
      <type>4</type>
      <activationId>Hello World [1]</activationId>
      <rule>Hello World</rule>
      <declarations>m=com.sample.DroolsTest$Message@73fc518f; myMessage=Hello World</declarations>
      <factHandleIds>1</factHandleIds>
    </org.drools.core.audit.event.ActivationLogEvent>
    <org.drools.core.audit.event.ActivationLogEvent>
      <type>6</type>
      <activationId>Hello World [1]</activationId>
      <rule>Hello World</rule>
      <declarations>m=com.sample.DroolsTest$Message@73fc518f; myMessage=Hello World</declarations>
      <factHandleIds>1</factHandleIds>
    </org.drools.core.audit.event.ActivationLogEvent>
    <org.drools.core.audit.event.ObjectLogEvent>
      <type>2</type>
      <factId>1</factId>
      <objectToString>com.sample.DroolsTest$Message@73fc518f</objectToString>
    </org.drools.core.audit.event.ObjectLogEvent>
    <org.drools.core.audit.event.ActivationLogEvent>
      <type>7</type>
      <activationId>Hello World [1]</activationId>
      <rule>Hello World</rule>
      <declarations>m=com.sample.DroolsTest$Message@73fc518f; myMessage=Goodbye cruel world</declarations>
      <factHandleIds>1</factHandleIds>
    </org.drools.core.audit.event.ActivationLogEvent>
    <org.drools.core.audit.event.ActivationLogEvent>
      <type>4</type>
      <activationId>GoodBye [1]</activationId>
      <rule>GoodBye</rule>
      <declarations>myMessage=Goodbye cruel world</declarations>
      <factHandleIds>1</factHandleIds>
    </org.drools.core.audit.event.ActivationLogEvent>
    <org.drools.core.audit.event.ActivationLogEvent>
      <type>6</type>
      <activationId>GoodBye [1]</activationId>
      <rule>GoodBye</rule>
      <declarations>myMessage=Goodbye cruel world</declarations>
      <factHandleIds>1</factHandleIds>
    </org.drools.core.audit.event.ActivationLogEvent>
    <org.drools.core.audit.event.ActivationLogEvent>
      <type>7</type>
      <activationId>GoodBye [1]</activationId>
      <rule>GoodBye</rule>
      <declarations>myMessage=Goodbye cruel world</declarations>
      <factHandleIds>1</factHandleIds>
    </org.drools.core.audit.event.ActivationLogEvent>
  </events>
</org.drools.core.audit.WorkingMemoryLog>
</object-stream>
